\BOOKMARK [1][-]{section.1}{\376\377\000W\000p\000r\000o\000w\000a\000d\000z\000e\000n\000i\000e}{}% 1
\BOOKMARK [2][-]{subsection.1.1}{\376\377\000C\000e\000l\000\040\000p\000r\000o\000j\000e\000k\000t\000u}{section.1}% 2
\BOOKMARK [2][-]{subsection.1.2}{\376\377\000Z\000a\000k\000r\000e\000s\000\040\000p\000r\000o\000j\000e\000k\000t\000u}{section.1}% 3
\BOOKMARK [2][-]{subsection.1.3}{\376\377\000G\000r\000u\000p\000a\000\040\000d\000o\000c\000e\000l\000o\000w\000a\000\040\000\050\000D\000o\000\040\000k\000o\000g\000o\000\040\000p\000r\000o\000j\000e\000k\000t\000\040\000j\000e\000s\000t\000\040\000s\000k\000i\000e\000r\000o\000w\000a\000n\000y\000\051}{section.1}% 4
\BOOKMARK [1][-]{section.2}{\376\377\000O\000p\000i\000s\000\040\000s\000y\000s\000t\000e\000m\000u}{}% 5
\BOOKMARK [2][-]{subsection.2.1}{\376\377\000P\000r\000z\000e\000z\000n\000a\000c\000z\000e\000n\000i\000e}{section.2}% 6
\BOOKMARK [2][-]{subsection.2.2}{\376\377\000G\001\102\000\363\000w\000n\000e\000\040\000f\000u\000n\000k\000c\000j\000e}{section.2}% 7
\BOOKMARK [2][-]{subsection.2.3}{\376\377\000A\000r\000c\000h\000i\000t\000e\000k\000t\000u\000r\000a\000\040\000s\000y\000s\000t\000e\000m\000u}{section.2}% 8
\BOOKMARK [2][-]{subsection.2.4}{\376\377\000I\000n\000t\000e\000g\000r\000a\000c\000j\000e\000\040\000z\000\040\000z\000e\000w\000n\001\031\000t\000r\000z\000n\000y\000m\000i\000\040\000s\000y\000s\000t\000e\000m\000a\000m\000i}{section.2}% 9
\BOOKMARK [1][-]{section.3}{\376\377\000D\000i\000a\000g\000r\000a\000m\000y\000\040\000p\000r\000z\000y\000p\000a\000d\000k\000\363\000w\000\040\000u\001\174\000y\000c\000i\000a}{}% 10
\BOOKMARK [2][-]{subsection.3.1}{\376\377\000D\000i\000a\000g\000r\000a\000m\000\040\000o\000g\000\363\000l\000n\000y}{section.3}% 11
\BOOKMARK [2][-]{subsection.3.2}{\376\377\000O\000p\000i\000s\000\040\000w\000y\000b\000r\000a\000n\000y\000c\000h\000\040\000p\000r\000z\000y\000p\000a\000d\000k\000\363\000w\000\040\000u\001\174\000y\000c\000i\000a}{section.3}% 12
\BOOKMARK [1][-]{section.4}{\376\377\000D\000i\000a\000g\000r\000a\000m\000\040\000k\000o\000m\000p\000o\000n\000e\000n\000t\000\363\000w}{}% 13
\BOOKMARK [2][-]{subsection.4.1}{\376\377\000D\000i\000a\000g\000r\000a\000m\000\040\000k\000o\000m\000p\000o\000n\000e\000n\000t\000\363\000w}{section.4}% 14
\BOOKMARK [2][-]{subsection.4.2}{\376\377\000O\000p\000i\000s\000\040\000k\000o\000m\000p\000o\000n\000e\000n\000t\000\363\000w}{section.4}% 15
\BOOKMARK [1][-]{section.5}{\376\377\000D\000i\000a\000g\000r\000a\000m\000\040\000k\000l\000a\000s}{}% 16
\BOOKMARK [2][-]{subsection.5.1}{\376\377\000D\000i\000a\000g\000r\000a\000m\000\040\000k\000l\000a\000s}{section.5}% 17
\BOOKMARK [2][-]{subsection.5.2}{\376\377\000O\000p\000i\000s\000\040\000k\000l\000u\000c\000z\000o\000w\000y\000c\000h\000\040\000s\000t\000r\000u\000k\000t\000u\000r\000\040\000d\000a\000n\000y\000c\000h}{section.5}% 18
\BOOKMARK [1][-]{section.6}{\376\377\000D\000i\000a\000g\000r\000a\000m\000y\000\040\000i\000n\000t\000e\000r\000a\000k\000c\000j\000i}{}% 19
\BOOKMARK [2][-]{subsection.6.1}{\376\377\000D\000i\000a\000g\000r\000a\000m\000\040\000i\000n\000t\000e\000r\000a\000k\000c\000j\000i\000:\000\040\000O\000s\000a\000d\000z\000e\000n\000i\000e\000\040\000z\000n\000a\000k\000u\000\040\000w\000o\000d\000n\000e\000g\000o\000\040\000z\000\040\000k\000l\000a\000s\000y\000f\000i\000k\000a\000c\000j\001\005\000\040\000A\000I}{section.6}% 20
\BOOKMARK [2][-]{subsection.6.2}{\376\377\000D\000i\000a\000g\000r\000a\000m\000\040\000i\000n\000t\000e\000r\000a\000k\000c\000j\000i\000:\000\040\000Z\000a\000k\000u\000p\000\040\000/\000\040\000U\000p\000g\000r\000a\000d\000e\000\040\000p\000l\000a\000n\000u\000\040\000s\000u\000b\000s\000k\000r\000y\000p\000c\000j\000i}{section.6}% 21
\BOOKMARK [1][-]{section.7}{\376\377\000S\000t\000a\000c\000k\000\040\000t\000e\000c\000h\000n\000o\000l\000o\000g\000i\000c\000z\000n\000y}{}% 22
\BOOKMARK [1][-]{section.8}{\376\377\000D\000z\000i\000a\001\102\000a\000n\000i\000e\000\040\000s\000y\000s\000t\000e\000m\000u}{}% 23
\BOOKMARK [2][-]{subsection.8.1}{\376\377\000Z\000r\000z\000u\000t\000y\000\040\000e\000k\000r\000a\000n\000u\000\040\000i\000n\000t\000e\000r\000f\000e\000j\000s\000u\000\040\000u\001\174\000y\000t\000k\000o\000w\000n\000i\000k\000a}{section.8}% 24
\BOOKMARK [1][-]{section.9}{\376\377\000P\000o\000d\000s\000u\000m\000o\000w\000a\000n\000i\000e}{}% 25
